// Jest Snapshot v1, https://goo.gl/fbAQLP

exports[`<Articles/> snapshot testing of render articles 1`] = `
Object {
  "asFragment": [Function],
  "baseElement": <body>
    <div>
      <div
        class="MuiAutocomplete-root css-s6ln-MuiAutocomplete-root"
      >
        <div
          class="MuiFormControl-root MuiFormControl-fullWidth MuiTextField-root css-wb57ya-MuiFormControl-root-MuiTextField-root"
        >
          <label
            class="MuiFormLabel-root MuiInputLabel-root MuiInputLabel-formControl MuiInputLabel-animated MuiInputLabel-shrink MuiInputLabel-sizeMedium MuiInputLabel-outlined MuiFormLabel-colorPrimary MuiInputLabel-root MuiInputLabel-formControl MuiInputLabel-animated MuiInputLabel-shrink MuiInputLabel-sizeMedium MuiInputLabel-outlined css-1jy569b-MuiFormLabel-root-MuiInputLabel-root"
            data-shrink="true"
            for="free-solo-2-demo"
            id="free-solo-2-demo-label"
          >
            Search Articles
          </label>
          <div
            class="MuiInputBase-root MuiOutlinedInput-root MuiInputBase-colorPrimary MuiInputBase-fullWidth MuiInputBase-formControl MuiInputBase-adornedStart MuiAutocomplete-inputRoot css-8j6b76-MuiInputBase-root-MuiOutlinedInput-root"
          >
            <svg
              aria-hidden="true"
              class="MuiSvgIcon-root MuiSvgIcon-fontSizeMedium css-i4bv87-MuiSvgIcon-root"
              data-testid="SearchIcon"
              focusable="false"
              viewBox="0 0 24 24"
            >
              <path
                d="M15.5 14h-.79l-.28-.27C15.41 12.59 16 11.11 16 9.5 16 5.91 13.09 3 9.5 3S3 5.91 3 9.5 5.91 16 9.5 16c1.61 0 3.09-.59 4.23-1.57l.27.28v.79l5 4.99L20.49 19zm-6 0C7.01 14 5 11.99 5 9.5S7.01 5 9.5 5 14 7.01 14 9.5 11.99 14 9.5 14"
              />
            </svg>
            <input
              aria-autocomplete="list"
              aria-expanded="false"
              aria-invalid="false"
              autocapitalize="none"
              autocomplete="off"
              class="MuiInputBase-input MuiOutlinedInput-input MuiInputBase-inputTypeSearch MuiInputBase-inputAdornedStart MuiAutocomplete-input MuiAutocomplete-inputFocused css-aeeyth-MuiInputBase-input-MuiOutlinedInput-input"
              id="free-solo-2-demo"
              role="combobox"
              spellcheck="false"
              type="search"
              value=""
            />
            <fieldset
              aria-hidden="true"
              class="MuiOutlinedInput-notchedOutline css-1d3z3hw-MuiOutlinedInput-notchedOutline"
            >
              <legend
                class="css-14lo706"
              >
                <span>
                  Search Articles
                </span>
              </legend>
            </fieldset>
          </div>
        </div>
      </div>
      <div
        style="margin: 30px;"
      >
        <a
          href="/100000009361423"
          style="text-decoration: none;"
        >
          <div
            class="MuiPaper-root MuiPaper-elevation MuiPaper-rounded MuiPaper-elevation1 MuiCard-root css-17lvz0h-MuiPaper-root-MuiCard-root"
          >
            <ul
              class="MuiList-root MuiList-padding css-cx99a7-MuiList-root"
            >
              <li
                class="MuiListItem-root MuiListItem-gutters MuiListItem-padding css-1p823my-MuiListItem-root"
              >
                <div
                  class="MuiListItemAvatar-root css-1e9lk82-MuiListItemAvatar-root"
                >
                  <div
                    class="MuiAvatar-root MuiAvatar-circular MuiAvatar-colorDefault css-17o22dy-MuiAvatar-root"
                  >
                    <svg
                      aria-hidden="true"
                      class="MuiSvgIcon-root MuiSvgIcon-fontSizeMedium MuiAvatar-fallback css-10mi8st-MuiSvgIcon-root-MuiAvatar-fallback"
                      data-testid="PersonIcon"
                      focusable="false"
                      viewBox="0 0 24 24"
                    >
                      <path
                        d="M12 12c2.21 0 4-1.79 4-4s-1.79-4-4-4-4 1.79-4 4 1.79 4 4 4zm0 2c-2.67 0-8 1.34-8 4v2h16v-2c0-2.66-5.33-4-8-4z"
                      />
                    </svg>
                  </div>
                </div>
                <div
                  class="MuiListItemText-root MuiListItemText-multiline css-konndc-MuiListItemText-root"
                >
                  <span
                    class="MuiTypography-root MuiTypography-body1 MuiListItemText-primary css-10hburv-MuiTypography-root"
                  >
                    Kristen Stewart Uses Naked Dressing to Make a Point
                  </span>
                  <p
                    class="MuiTypography-root MuiTypography-body2 MuiListItemText-secondary css-83ijpv-MuiTypography-root"
                  >
                    Author :
                    <span
                      class="MuiTypography-root MuiTypography-body2 css-1phucj-MuiTypography-root"
                    >
                       Vanessa Friedman
                    </span>
                    <span
                      class="MuiTypography-root MuiTypography-paragraph css-14pxmm8-MuiTypography-root"
                    >
                      Her press tour for “Love Lies Bleeding” was something to see.
                    </span>
                  </p>
                </div>
              </li>
            </ul>
          </div>
        </a>
      </div>
    </div>
  </body>,
  "container": <div>
    <div
      class="MuiAutocomplete-root css-s6ln-MuiAutocomplete-root"
    >
      <div
        class="MuiFormControl-root MuiFormControl-fullWidth MuiTextField-root css-wb57ya-MuiFormControl-root-MuiTextField-root"
      >
        <label
          class="MuiFormLabel-root MuiInputLabel-root MuiInputLabel-formControl MuiInputLabel-animated MuiInputLabel-shrink MuiInputLabel-sizeMedium MuiInputLabel-outlined MuiFormLabel-colorPrimary MuiInputLabel-root MuiInputLabel-formControl MuiInputLabel-animated MuiInputLabel-shrink MuiInputLabel-sizeMedium MuiInputLabel-outlined css-1jy569b-MuiFormLabel-root-MuiInputLabel-root"
          data-shrink="true"
          for="free-solo-2-demo"
          id="free-solo-2-demo-label"
        >
          Search Articles
        </label>
        <div
          class="MuiInputBase-root MuiOutlinedInput-root MuiInputBase-colorPrimary MuiInputBase-fullWidth MuiInputBase-formControl MuiInputBase-adornedStart MuiAutocomplete-inputRoot css-8j6b76-MuiInputBase-root-MuiOutlinedInput-root"
        >
          <svg
            aria-hidden="true"
            class="MuiSvgIcon-root MuiSvgIcon-fontSizeMedium css-i4bv87-MuiSvgIcon-root"
            data-testid="SearchIcon"
            focusable="false"
            viewBox="0 0 24 24"
          >
            <path
              d="M15.5 14h-.79l-.28-.27C15.41 12.59 16 11.11 16 9.5 16 5.91 13.09 3 9.5 3S3 5.91 3 9.5 5.91 16 9.5 16c1.61 0 3.09-.59 4.23-1.57l.27.28v.79l5 4.99L20.49 19zm-6 0C7.01 14 5 11.99 5 9.5S7.01 5 9.5 5 14 7.01 14 9.5 11.99 14 9.5 14"
            />
          </svg>
          <input
            aria-autocomplete="list"
            aria-expanded="false"
            aria-invalid="false"
            autocapitalize="none"
            autocomplete="off"
            class="MuiInputBase-input MuiOutlinedInput-input MuiInputBase-inputTypeSearch MuiInputBase-inputAdornedStart MuiAutocomplete-input MuiAutocomplete-inputFocused css-aeeyth-MuiInputBase-input-MuiOutlinedInput-input"
            id="free-solo-2-demo"
            role="combobox"
            spellcheck="false"
            type="search"
            value=""
          />
          <fieldset
            aria-hidden="true"
            class="MuiOutlinedInput-notchedOutline css-1d3z3hw-MuiOutlinedInput-notchedOutline"
          >
            <legend
              class="css-14lo706"
            >
              <span>
                Search Articles
              </span>
            </legend>
          </fieldset>
        </div>
      </div>
    </div>
    <div
      style="margin: 30px;"
    >
      <a
        href="/100000009361423"
        style="text-decoration: none;"
      >
        <div
          class="MuiPaper-root MuiPaper-elevation MuiPaper-rounded MuiPaper-elevation1 MuiCard-root css-17lvz0h-MuiPaper-root-MuiCard-root"
        >
          <ul
            class="MuiList-root MuiList-padding css-cx99a7-MuiList-root"
          >
            <li
              class="MuiListItem-root MuiListItem-gutters MuiListItem-padding css-1p823my-MuiListItem-root"
            >
              <div
                class="MuiListItemAvatar-root css-1e9lk82-MuiListItemAvatar-root"
              >
                <div
                  class="MuiAvatar-root MuiAvatar-circular MuiAvatar-colorDefault css-17o22dy-MuiAvatar-root"
                >
                  <svg
                    aria-hidden="true"
                    class="MuiSvgIcon-root MuiSvgIcon-fontSizeMedium MuiAvatar-fallback css-10mi8st-MuiSvgIcon-root-MuiAvatar-fallback"
                    data-testid="PersonIcon"
                    focusable="false"
                    viewBox="0 0 24 24"
                  >
                    <path
                      d="M12 12c2.21 0 4-1.79 4-4s-1.79-4-4-4-4 1.79-4 4 1.79 4 4 4zm0 2c-2.67 0-8 1.34-8 4v2h16v-2c0-2.66-5.33-4-8-4z"
                    />
                  </svg>
                </div>
              </div>
              <div
                class="MuiListItemText-root MuiListItemText-multiline css-konndc-MuiListItemText-root"
              >
                <span
                  class="MuiTypography-root MuiTypography-body1 MuiListItemText-primary css-10hburv-MuiTypography-root"
                >
                  Kristen Stewart Uses Naked Dressing to Make a Point
                </span>
                <p
                  class="MuiTypography-root MuiTypography-body2 MuiListItemText-secondary css-83ijpv-MuiTypography-root"
                >
                  Author :
                  <span
                    class="MuiTypography-root MuiTypography-body2 css-1phucj-MuiTypography-root"
                  >
                     Vanessa Friedman
                  </span>
                  <span
                    class="MuiTypography-root MuiTypography-paragraph css-14pxmm8-MuiTypography-root"
                  >
                    Her press tour for “Love Lies Bleeding” was something to see.
                  </span>
                </p>
              </div>
            </li>
          </ul>
        </div>
      </a>
    </div>
  </div>,
  "debug": [Function],
  "findAllByAltText": [Function],
  "findAllByDisplayValue": [Function],
  "findAllByLabelText": [Function],
  "findAllByPlaceholderText": [Function],
  "findAllByRole": [Function],
  "findAllByTestId": [Function],
  "findAllByText": [Function],
  "findAllByTitle": [Function],
  "findByAltText": [Function],
  "findByDisplayValue": [Function],
  "findByLabelText": [Function],
  "findByPlaceholderText": [Function],
  "findByRole": [Function],
  "findByTestId": [Function],
  "findByText": [Function],
  "findByTitle": [Function],
  "getAllByAltText": [Function],
  "getAllByDisplayValue": [Function],
  "getAllByLabelText": [Function],
  "getAllByPlaceholderText": [Function],
  "getAllByRole": [Function],
  "getAllByTestId": [Function],
  "getAllByText": [Function],
  "getAllByTitle": [Function],
  "getByAltText": [Function],
  "getByDisplayValue": [Function],
  "getByLabelText": [Function],
  "getByPlaceholderText": [Function],
  "getByRole": [Function],
  "getByTestId": [Function],
  "getByText": [Function],
  "getByTitle": [Function],
  "queryAllByAltText": [Function],
  "queryAllByDisplayValue": [Function],
  "queryAllByLabelText": [Function],
  "queryAllByPlaceholderText": [Function],
  "queryAllByRole": [Function],
  "queryAllByTestId": [Function],
  "queryAllByText": [Function],
  "queryAllByTitle": [Function],
  "queryByAltText": [Function],
  "queryByDisplayValue": [Function],
  "queryByLabelText": [Function],
  "queryByPlaceholderText": [Function],
  "queryByRole": [Function],
  "queryByTestId": [Function],
  "queryByText": [Function],
  "queryByTitle": [Function],
  "rerender": [Function],
  "unmount": [Function],
}
`;
